// Jest Snapshot v1, https://goo.gl/fbAQLP

exports[`cmd-cli gen-help allowable-options should display the help with allowable options 1`] = `
"
 COMMAND NAME
 ------------

   allowable-options | ao

 DESCRIPTION
 -----------

   Displays allowable options in the help!

 USAGE
 -----

   cmd-cli gen-help allowable-options [options]

 OPTIONS
 -------

   --both-default-and-allowable  (string)

      has some allowable options and a default Lorem ipsum dolor sit amet, consectetur
      adipiscing elit, sed do eiusmod tempor incididunt ut labore et dolore magna
      aliqua. Ut enim ad minim veniam, quis nostrud exercitation ullamco laboris nisi
      ut aliquip ex ea commodo consequat. Duis aute irure dolor in reprehenderit in
      voluptate velit esse cillum dolore eu fugiat nulla pariatur. Excepteur sint
      occaecat cupidatat non proident, sunt in culpa qui officia deserunt.

      Default value: these
      Allowed values: these, are, the, allowable, values

   --just-default-value  (string)

      has a default option Lorem ipsum dolor sit amet, consectetur adipiscing elit,
      sed do eiusmod tempor incididunt ut labore et dolore magna aliqua. Ut enim ad
      minim veniam, quis nostrud exercitation ullamco laboris nisi ut aliquip ex ea
      commodo consequat. Duis aute irure dolor in reprehenderit in voluptate velit
      esse cillum dolore eu fugiat nulla pariatur. Excepteur sint occaecat cupidatat
      non proident, sunt in culpa qui officia deserunt.

      Default value: theValue

   --just-allowable-values  (string)

      has allowable values Lorem ipsum dolor sit amet, consectetur adipiscing elit,
      sed do eiusmod tempor incididunt ut labore et dolore magna aliqua. Ut enim ad
      minim veniam, quis nostrud exercitation ullamco laboris nisi ut aliquip ex ea
      commodo consequat. Duis aute irure dolor in reprehenderit in voluptate velit
      esse cillum dolore eu fugiat nulla pariatur. Excepteur sint occaecat cupidatat
      non proident, sunt in culpa qui officia deserunt.

      Allowed values: these, are, the, allowable, values, that, span, past, the, word,
      wrap

   --neither  (string)

      has neither Lorem ipsum dolor sit amet, consectetur adipiscing elit, sed do
      eiusmod tempor incididunt ut labore et dolore magna aliqua. Ut enim ad minim
      veniam, quis nostrud exercitation ullamco laboris nisi ut aliquip ex ea commodo
      consequat. Duis aute irure dolor in reprehenderit in voluptate velit esse cillum
      dolore eu fugiat nulla pariatur. Excepteur sint occaecat cupidatat non proident,
      sunt in culpa qui officia deserunt.

 GLOBAL OPTIONS
 --------------

   --response-format-json  | --rfj (boolean)

      Produce JSON formatted data from a command

   --help  | -h (boolean)

      Display help text

   --help-web  | --hw (boolean)

      Display HTML help in browser

"
`;
