// Jest Snapshot v1, https://goo.gl/fbAQLP

exports[`cmd-cli nested should display both groups and commands in the help 1`] = `
"
 DESCRIPTION
 -----------

   Test a more complex command structure of nested commands

 USAGE
 -----

   cmd-cli nested <group|command>

   Where <group|command> is one of the following:

 GROUPS
 ------

   first-group | fg The first group under nested

 COMMANDS
 --------

   nested-group-command | ngc A command in the nested group

 GLOBAL OPTIONS
 --------------

   --response-format-json  | --rfj (boolean)

      Produce JSON formatted data from a command

   --help  | -h (boolean)

      Display help text

   --help-examples  (boolean)

      Display examples for all the commands in a group

   --help-web  | --hw (boolean)

      Display HTML help in browser

"
`;
